// Jest Snapshot v1, https://goo.gl/fbAQLP

exports[`StatefulTooltip basic render: renders <StatefulContainer/> 1`] = `
<StatefulContainer
  accessibilityType="tooltip"
  content={[MockFunction]}
  initialState={
    Object {
      "isOpen": true,
    }
  }
  onClose={[MockFunction]}
  onMouseEnterDelay={100}
  onMouseLeaveDelay={200}
  onOpen={[MockFunction]}
  overrides={
    Object {
      "Body": [Function],
    }
  }
  placement="topLeft"
  showArrow={true}
  stateReducer={[MockFunction]}
  triggerType="hover"
/>
`;
